ACE ACEUSDT {'hl_rows': 561, 'bn_rows': 561, 'hl_f_rows': 13449, 'bn_f_rows': 3363} 14
APE APEUSDT {'hl_rows': 781, 'bn_rows': 792, 'hl_f_rows': 18174, 'bn_f_rows': 2376} 0
BADGER BADGERUSDT {'hl_rows': 520, 'bn_rows': 600, 'hl_f_rows': 14384, 'bn_f_rows': 3528} 12
BNB BNBUSDT {'hl_rows': 781, 'bn_rows': 792, 'hl_f_rows': 18174, 'bn_f_rows': 2376} 0
CELO CELOUSDT {'hl_rows': 279, 'bn_rows': 792, 'hl_f_rows': 6690, 'bn_f_rows': 2376} 0
DOT DOTUSDT {'hl_rows': 658, 'bn_rows': 792, 'hl_f_rows': 15779, 'bn_f_rows': 2376} 0
ETHFI ETHFIUSDT {'hl_rows': 467, 'bn_rows': 470, 'hl_f_rows': 11206, 'bn_f_rows': 2816} 20
GAS GASUSDT {'hl_rows': 616, 'bn_rows': 615, 'hl_f_rows': 14768, 'bn_f_rows': 3728} 10
HYPE HYPEUSDT {'hl_rows': 208, 'bn_rows': 32, 'hl_f_rows': 4982, 'bn_f_rows': 189} 48
IP IPUSDT {'hl_rows': 138, 'bn_rows': 138, 'hl_f_rows': 3302, 'bn_f_rows': 824} 42
LISTA LISTAUSDT {'hl_rows': 288, 'bn_rows': 376, 'hl_f_rows': 8827, 'bn_f_rows': 2252} 26
MELANIA MELANIAUSDT {'hl_rows': 162, 'bn_rows': 162, 'hl_f_rows': 3887, 'bn_f_rows': 969} 40
MOVE MOVEUSDT {'hl_rows': 202, 'bn_rows': 204, 'hl_f_rows': 4843, 'bn_f_rows': 1220} 38
NXPC NXPCUSDT {'hl_rows': 47, 'bn_rows': 47, 'hl_f_rows': 1119, 'bn_f_rows': 280} 48
PAXG PAXGUSDT {'hl_rows': 86, 'bn_rows': 96, 'hl_f_rows': 2048, 'bn_f_rows': 574} 44
POPCAT POPCATUSDT {'hl_rows': 429, 'bn_rows': 313, 'hl_f_rows': 10287, 'bn_f_rows': 1874} 30
RSR RSRUSDT {'hl_rows': 574, 'bn_rows': 792, 'hl_f_rows': 13755, 'bn_f_rows': 2376} 0
SOL SOLUSDT {'hl_rows': 781, 'bn_rows': 792, 'hl_f_rows': 18174, 'bn_f_rows': 2376} 0
SUPER SUPERUSDT {'hl_rows': 583, 'bn_rows': 583, 'hl_f_rows': 13973, 'bn_f_rows': 3494} 12
TRUMP TRUMPUSDT {'hl_rows': 164, 'bn_rows': 164, 'hl_f_rows': 3930, 'bn_f_rows': 980} 40
VINE VINEUSDT {'hl_rows': 159, 'bn_rows': 158, 'hl_f_rows': 3800, 'bn_f_rows': 945} 40
XLM XLMUSDT {'hl_rows': 220, 'bn_rows': 792, 'hl_f_rows': 5277, 'bn_f_rows': 2376} 0
ZRO ZROUSDT {'hl_rows': 663, 'bn_rows': 376, 'hl_f_rows': 15908, 'bn_f_rows': 2252} 26
