AIXBT AIXBTUSDT {'hl_rows': 181, 'bn_rows': 193, 'hl_f_rows': 4339, 'bn_f_rows': 1153} 38
ARK ARKUSDT {'hl_rows': 634, 'bn_rows': 651, 'hl_f_rows': 15201, 'bn_f_rows': 2351} 8
BIGTIME BIGTIMEUSDT {'hl_rows': 629, 'bn_rows': 628, 'hl_f_rows': 15077, 'bn_f_rows': 3764} 10
BSV BSVUSDT {'hl_rows': 620, 'bn_rows': 620, 'hl_f_rows': 14875, 'bn_f_rows': 3717} 10
CRV CRVUSDT {'hl_rows': 778, 'bn_rows': 792, 'hl_f_rows': 18163, 'bn_f_rows': 2376} 0
ENA ENAUSDT {'hl_rows': 455, 'bn_rows': 455, 'hl_f_rows': 10905, 'bn_f_rows': 2726} 22
FTM FTMUSDT {'hl_rows': 599, 'bn_rows': 792, 'hl_f_rows': 18135, 'bn_f_rows': 2342} 0
GRASS GRASSUSDT {'hl_rows': 246, 'bn_rows': 235, 'hl_f_rows': 5889, 'bn_f_rows': 1406} 36
INIT INITUSDT {'hl_rows': 68, 'bn_rows': 76, 'hl_f_rows': 1620, 'bn_f_rows': 454} 46
KAS KASUSDT {'hl_rows': 628, 'bn_rows': 592, 'hl_f_rows': 15053, 'bn_f_rows': 3553} 12
MATIC MATICUSDT {'hl_rows': 487, 'bn_rows': 500, 'hl_f_rows': 18174, 'bn_f_rows': 2376} 9
MINA MINAUSDT {'hl_rows': 616, 'bn_rows': 792, 'hl_f_rows': 14768, 'bn_f_rows': 2376} 0
NEO NEOUSDT {'hl_rows': 600, 'bn_rows': 792, 'hl_f_rows': 14384, 'bn_f_rows': 2376} 0
ONDO ONDOUSDT {'hl_rows': 528, 'bn_rows': 528, 'hl_f_rows': 12656, 'bn_f_rows': 3164} 16
PIXEL PIXELUSDT {'hl_rows': 418, 'bn_rows': 498, 'hl_f_rows': 11937, 'bn_f_rows': 2984} 18
RENDER RENDERUSDT {'hl_rows': 335, 'bn_rows': 340, 'hl_f_rows': 8028, 'bn_f_rows': 2037} 28
SAND SANDUSDT {'hl_rows': 209, 'bn_rows': 792, 'hl_f_rows': 5003, 'bn_f_rows': 2376} 0
STRAX STRAXUSDT {'hl_rows': 142, 'bn_rows': 629, 'hl_f_rows': 14719, 'bn_f_rows': 3706} 10
TIA TIAUSDT {'hl_rows': 621, 'bn_rows': 609, 'hl_f_rows': 14880, 'bn_f_rows': 3649} 10
UMA UMAUSDT {'hl_rows': 529, 'bn_rows': 783, 'hl_f_rows': 12691, 'bn_f_rows': 3935} 0
WCT WCTUSDT {'hl_rows': 77, 'bn_rows': 77, 'hl_f_rows': 1833, 'bn_f_rows': 1008} 46
ZEREBRO ZEREBROUSDT {'hl_rows': 180, 'bn_rows': 180, 'hl_f_rows': 4306, 'bn_f_rows': 1076} 40
kPEPE 1000PEPEUSDT {'hl_rows': 781, 'bn_rows': 788, 'hl_f_rows': 18174, 'bn_f_rows': 2362} 0
