AAVE AAVEUSDT {'hl_rows': 714, 'bn_rows': 792, 'hl_f_rows': 17134, 'bn_f_rows': 2376} 0
ANIME ANIMEUSDT {'hl_rows': 161, 'bn_rows': 159, 'hl_f_rows': 3848, 'bn_f_rows': 949} 40
BABY BABYUSDT {'hl_rows': 80, 'bn_rows': 87, 'hl_f_rows': 1917, 'bn_f_rows': 518} 46
BLZ BLZUSDT {'hl_rows': 468, 'bn_rows': 792, 'hl_f_rows': 15779, 'bn_f_rows': 4264} 0
CATI CATIUSDT {'hl_rows': 199, 'bn_rows': 284, 'hl_f_rows': 6690, 'bn_f_rows': 1707} 32
DOOD DOODUSDT {'hl_rows': 53, 'bn_rows': 53, 'hl_f_rows': 1258, 'bn_f_rows': 314} 48
ETH ETHUSDT {'hl_rows': 781, 'bn_rows': 792, 'hl_f_rows': 18174, 'bn_f_rows': 2376} 0
GALA GALAUSDT {'hl_rows': 574, 'bn_rows': 792, 'hl_f_rows': 13755, 'bn_f_rows': 2376} 0
HMSTR HMSTRUSDT {'hl_rows': 277, 'bn_rows': 278, 'hl_f_rows': 6643, 'bn_f_rows': 1664} 32
IOTA IOTAUSDT {'hl_rows': 209, 'bn_rows': 792, 'hl_f_rows': 5003, 'bn_f_rows': 2376} 0
LINK LINKUSDT {'hl_rows': 775, 'bn_rows': 792, 'hl_f_rows': 18155, 'bn_f_rows': 2376} 0
ME MEUSDT {'hl_rows': 203, 'bn_rows': 203, 'hl_f_rows': 4857, 'bn_f_rows': 1214} 38
MORPHO MORPHOUSDT {'hl_rows': 165, 'bn_rows': 216, 'hl_f_rows': 3951, 'bn_f_rows': 1292} 36
NTRN NTRNUSDT {'hl_rows': 480, 'bn_rows': 595, 'hl_f_rows': 13588, 'bn_f_rows': 3567} 12
ORDI ORDIUSDT {'hl_rows': 602, 'bn_rows': 602, 'hl_f_rows': 14430, 'bn_f_rows': 3608} 12
POLYX POLYXUSDT {'hl_rows': 616, 'bn_rows': 615, 'hl_f_rows': 14768, 'bn_f_rows': 3691} 10
RNDR RNDRUSDT {'hl_rows': 431, 'bn_rows': 457, 'hl_f_rows': 18155, 'bn_f_rows': 1418} 21
SNX SNXUSDT {'hl_rows': 768, 'bn_rows': 792, 'hl_f_rows': 18135, 'bn_f_rows': 2376} 0
SUI SUIUSDT {'hl_rows': 781, 'bn_rows': 790, 'hl_f_rows': 18174, 'bn_f_rows': 2368} 0
TRB TRBUSDT {'hl_rows': 653, 'bn_rows': 792, 'hl_f_rows': 15668, 'bn_f_rows': 4259} 0
USUAL USUALUSDT {'hl_rows': 195, 'bn_rows': 195, 'hl_f_rows': 4663, 'bn_f_rows': 1166} 38
XAI XAIUSDT {'hl_rows': 533, 'bn_rows': 539, 'hl_f_rows': 12773, 'bn_f_rows': 3230} 16
ZORA ZORAUSDT {'hl_rows': 69, 'bn_rows': 0, 'hl_f_rows': 1641, 'bn_f_rows': 0} 52
