ALT ALTUSDT {'hl_rows': 523, 'bn_rows': 523, 'hl_f_rows': 12536, 'bn_f_rows': 3134} 16
AVAX AVAXUSDT {'hl_rows': 781, 'bn_rows': 792, 'hl_f_rows': 18174, 'bn_f_rows': 2376} 0
BLUR BLURUSDT {'hl_rows': 622, 'bn_rows': 792, 'hl_f_rows': 14909, 'bn_f_rows': 2376} 0
CAKE CAKEUSDT {'hl_rows': 549, 'bn_rows': 607, 'hl_f_rows': 13160, 'bn_f_rows': 3638} 12
DOGE DOGEUSDT {'hl_rows': 781, 'bn_rows': 792, 'hl_f_rows': 18174, 'bn_f_rows': 2376} 0
ETC ETCUSDT {'hl_rows': 536, 'bn_rows': 792, 'hl_f_rows': 12862, 'bn_f_rows': 2376} 0
FXS FXSUSDT {'hl_rows': 702, 'bn_rows': 792, 'hl_f_rows': 16825, 'bn_f_rows': 2376} 0
HBAR HBARUSDT {'hl_rows': 433, 'bn_rows': 792, 'hl_f_rows': 10385, 'bn_f_rows': 2376} 0
IO IOUSDT {'hl_rows': 384, 'bn_rows': 385, 'hl_f_rows': 9212, 'bn_f_rows': 2306} 26
LDO LDOUSDT {'hl_rows': 777, 'bn_rows': 792, 'hl_f_rows': 18162, 'bn_f_rows': 2376} 0
MAVIA MAVIAUSDT {'hl_rows': 511, 'bn_rows': 496, 'hl_f_rows': 12240, 'bn_f_rows': 2973} 18
MOODENG MOODENGUSDT {'hl_rows': 249, 'bn_rows': 249, 'hl_f_rows': 5966, 'bn_f_rows': 1491} 34
NOT NOTUSDT {'hl_rows': 410, 'bn_rows': 411, 'hl_f_rows': 9835, 'bn_f_rows': 2462} 24
ORBS ORBSUSDT {'hl_rows': 540, 'bn_rows': 623, 'hl_f_rows': 15027, 'bn_f_rows': 3667} 10
POL POLUSDT {'hl_rows': 287, 'bn_rows': 291, 'hl_f_rows': 6881, 'bn_f_rows': 1742} 32
REZ REZUSDT {'hl_rows': 427, 'bn_rows': 427, 'hl_f_rows': 10234, 'bn_f_rows': 2558} 22
SEI SEIUSDT {'hl_rows': 686, 'bn_rows': 684, 'hl_f_rows': 16449, 'bn_f_rows': 2053} 6
STX STXUSDT {'hl_rows': 775, 'bn_rows': 792, 'hl_f_rows': 18155, 'bn_f_rows': 2376} 0
TON TONUSDT {'hl_rows': 618, 'bn_rows': 487, 'hl_f_rows': 14825, 'bn_f_rows': 2919} 20
USTC USTCUSDT {'hl_rows': 582, 'bn_rows': 582, 'hl_f_rows': 13951, 'bn_f_rows': 3489} 12
WLD WLDUSDT {'hl_rows': 708, 'bn_rows': 708, 'hl_f_rows': 16976, 'bn_f_rows': 2122} 4
ZK ZKUSDT {'hl_rows': 384, 'bn_rows': 379, 'hl_f_rows': 9203, 'bn_f_rows': 2271} 26
