AI16Z AI16ZUSDT {'hl_rows': 181, 'bn_rows': 180, 'hl_f_rows': 4339, 'bn_f_rows': 1076} 40
ARB ARBUSDT {'hl_rows': 781, 'bn_rows': 792, 'hl_f_rows': 18174, 'bn_f_rows': 2376} 0
BERA BERAUSDT {'hl_rows': 145, 'bn_rows': 145, 'hl_f_rows': 3466, 'bn_f_rows': 866} 42
BRETT BRETTUSDT {'hl_rows': 385, 'bn_rows': 315, 'hl_f_rows': 9226, 'bn_f_rows': 1887} 30
COMP COMPUSDT {'hl_rows': 714, 'bn_rows': 792, 'hl_f_rows': 17134, 'bn_f_rows': 2376} 0
EIGEN EIGENUSDT {'hl_rows': 427, 'bn_rows': 273, 'hl_f_rows': 10243, 'bn_f_rows': 1636} 34
FIL FILUSDT {'hl_rows': 595, 'bn_rows': 792, 'hl_f_rows': 14275, 'bn_f_rows': 2376} 0
GOAT GOATUSDT {'hl_rows': 251, 'bn_rows': 250, 'hl_f_rows': 6011, 'bn_f_rows': 1496} 34
IMX IMXUSDT {'hl_rows': 592, 'bn_rows': 792, 'hl_f_rows': 14191, 'bn_f_rows': 4259} 0
KAITO KAITOUSDT {'hl_rows': 131, 'bn_rows': 131, 'hl_f_rows': 3130, 'bn_f_rows': 782} 42
MANTA MANTAUSDT {'hl_rows': 530, 'bn_rows': 530, 'hl_f_rows': 12697, 'bn_f_rows': 3176} 16
MEW MEWUSDT {'hl_rows': 343, 'bn_rows': 379, 'hl_f_rows': 8215, 'bn_f_rows': 2270} 26
NEIROETH NEIROETHUSDT {'hl_rows': 251, 'bn_rows': 298, 'hl_f_rows': 6011, 'bn_f_rows': 1784} 32
OMNI OMNIUSDT {'hl_rows': 428, 'bn_rows': 440, 'hl_f_rows': 10268, 'bn_f_rows': 2636} 22
PEOPLE PEOPLEUSDT {'hl_rows': 545, 'bn_rows': 792, 'hl_f_rows': 13062, 'bn_f_rows': 2376} 0
RDNT RDNTUSDT {'hl_rows': 557, 'bn_rows': 792, 'hl_f_rows': 15284, 'bn_f_rows': 2376} 0
SAGA SAGAUSDT {'hl_rows': 436, 'bn_rows': 448, 'hl_f_rows': 10456, 'bn_f_rows': 2687} 22
STG STGUSDT {'hl_rows': 614, 'bn_rows': 792, 'hl_f_rows': 14719, 'bn_f_rows': 2376} 0
TAO TAOUSDT {'hl_rows': 498, 'bn_rows': 446, 'hl_f_rows': 11937, 'bn_f_rows': 2672} 22
TURBO TURBOUSDT {'hl_rows': 396, 'bn_rows': 397, 'hl_f_rows': 9487, 'bn_f_rows': 2378} 24
W WUSDT {'hl_rows': 510, 'bn_rows': 454, 'hl_f_rows': 12221, 'bn_f_rows': 2720} 22
ZEN ZENUSDT {'hl_rows': 600, 'bn_rows': 792, 'hl_f_rows': 14384, 'bn_f_rows': 2376} 0
kLUNC 1000LUNCUSDT {'hl_rows': 574, 'bn_rows': 792, 'hl_f_rows': 13755, 'bn_f_rows': 2376} 0
