ADA ADAUSDT {'hl_rows': 618, 'bn_rows': 792, 'hl_f_rows': 14825, 'bn_f_rows': 2376} 0
APT APTUSDT {'hl_rows': 732, 'bn_rows': 792, 'hl_f_rows': 17562, 'bn_f_rows': 2376} 0
BANANA BANANAUSDT {'hl_rows': 655, 'bn_rows': 320, 'hl_f_rows': 15707, 'bn_f_rows': 1921} 30
BNT BNTUSDT {'hl_rows': 545, 'bn_rows': 691, 'hl_f_rows': 15151, 'bn_f_rows': 2075} 6
CFX CFXUSDT {'hl_rows': 768, 'bn_rows': 792, 'hl_f_rows': 18135, 'bn_f_rows': 2376} 0
DYDX DYDXUSDT {'hl_rows': 781, 'bn_rows': 792, 'hl_f_rows': 18174, 'bn_f_rows': 2376} 0
FARTCOIN FARTCOINUSDT {'hl_rows': 193, 'bn_rows': 193, 'hl_f_rows': 4620, 'bn_f_rows': 1153} 38
GMT GMTUSDT {'hl_rows': 583, 'bn_rows': 792, 'hl_f_rows': 13973, 'bn_f_rows': 2376} 0
HYPER HYPERUSDT {'hl_rows': 70, 'bn_rows': 70, 'hl_f_rows': 1664, 'bn_f_rows': 416} 46
JTO JTOUSDT {'hl_rows': 572, 'bn_rows': 571, 'hl_f_rows': 13710, 'bn_f_rows': 3423} 14
LOOM LOOMUSDT {'hl_rows': 442, 'bn_rows': 629, 'hl_f_rows': 15384, 'bn_f_rows': 3702} 10
MEME MEMEUSDT {'hl_rows': 606, 'bn_rows': 606, 'hl_f_rows': 14528, 'bn_f_rows': 3632} 12
MYRO MYROUSDT {'hl_rows': 390, 'bn_rows': 483, 'hl_f_rows': 11574, 'bn_f_rows': 2896} 20
OGN OGNUSDT {'hl_rows': 639, 'bn_rows': 792, 'hl_f_rows': 15332, 'bn_f_rows': 2376} 0
PENDLE PENDLEUSDT {'hl_rows': 614, 'bn_rows': 704, 'hl_f_rows': 14719, 'bn_f_rows': 2119} 4
PROMPT PROMPTUSDT {'hl_rows': 80, 'bn_rows': 81, 'hl_f_rows': 1917, 'bn_f_rows': 484} 46
RUNE RUNEUSDT {'hl_rows': 686, 'bn_rows': 792, 'hl_f_rows': 16448, 'bn_f_rows': 2376} 0
SOPH SOPHUSDT {'hl_rows': 34, 'bn_rows': 34, 'hl_f_rows': 801, 'bn_f_rows': 800} 48
SUSHI SUSHIUSDT {'hl_rows': 592, 'bn_rows': 792, 'hl_f_rows': 14191, 'bn_f_rows': 2376} 0
TRX TRXUSDT {'hl_rows': 695, 'bn_rows': 792, 'hl_f_rows': 16662, 'bn_f_rows': 2376} 0
VIRTUAL VIRTUALUSDT {'hl_rows': 197, 'bn_rows': 203, 'hl_f_rows': 4723, 'bn_f_rows': 1214} 38
XRP XRPUSDT {'hl_rows': 744, 'bn_rows': 792, 'hl_f_rows': 17853, 'bn_f_rows': 2376} 0
kBONK 1000BONKUSDT {'hl_rows': 589, 'bn_rows': 587, 'hl_f_rows': 14135, 'bn_f_rows': 3518} 12
