ALGO ALGOUSDT {'hl_rows': 209, 'bn_rows': 792, 'hl_f_rows': 5003, 'bn_f_rows': 2376} 0
ATOM ATOMUSDT {'hl_rows': 781, 'bn_rows': 792, 'hl_f_rows': 18174, 'bn_f_rows': 2376} 0
BIO BIOUSDT {'hl_rows': 179, 'bn_rows': 179, 'hl_f_rows': 4282, 'bn_f_rows': 1070} 40
BTC BTCUSDT {'hl_rows': 781, 'bn_rows': 792, 'hl_f_rows': 18174, 'bn_f_rows': 2376} 0
CYBER CYBERUSDT {'hl_rows': 590, 'bn_rows': 680, 'hl_f_rows': 16077, 'bn_f_rows': 3960} 6
ENS ENSUSDT {'hl_rows': 543, 'bn_rows': 792, 'hl_f_rows': 13016, 'bn_f_rows': 2376} 0
FTT FTTUSDT {'hl_rows': 645, 'bn_rows': 792, 'hl_f_rows': 15466, 'bn_f_rows': 2342} 0
GRIFFAIN GRIFFAINUSDT {'hl_rows': 175, 'bn_rows': 180, 'hl_f_rows': 4194, 'bn_f_rows': 1076} 40
INJ INJUSDT {'hl_rows': 781, 'bn_rows': 792, 'hl_f_rows': 18174, 'bn_f_rows': 2376} 0
LAYER LAYERUSDT {'hl_rows': 140, 'bn_rows': 140, 'hl_f_rows': 3344, 'bn_f_rows': 1869} 42
MAV MAVUSDT {'hl_rows': 559, 'bn_rows': 733, 'hl_f_rows': 13402, 'bn_f_rows': 2200} 2
MKR MKRUSDT {'hl_rows': 711, 'bn_rows': 792, 'hl_f_rows': 17057, 'bn_f_rows': 2376} 0
NIL NILUSDT {'hl_rows': 99, 'bn_rows': 99, 'hl_f_rows': 2362, 'bn_f_rows': 591} 44
OP OPUSDT {'hl_rows': 781, 'bn_rows': 792, 'hl_f_rows': 18174, 'bn_f_rows': 2376} 0
PNUT PNUTUSDT {'hl_rows': 229, 'bn_rows': 232, 'hl_f_rows': 5492, 'bn_f_rows': 1388} 36
RESOLV RESOLVUSDT {'hl_rows': 21, 'bn_rows': 21, 'hl_f_rows': 489, 'bn_f_rows': 123} 50
SCR SCRUSDT {'hl_rows': 265, 'bn_rows': 252, 'hl_f_rows': 6356, 'bn_f_rows': 1509} 34
STRK STRKUSDT {'hl_rows': 503, 'bn_rows': 497, 'hl_f_rows': 12056, 'bn_f_rows': 2978} 18
TNSR TNSRUSDT {'hl_rows': 449, 'bn_rows': 449, 'hl_f_rows': 10753, 'bn_f_rows': 2689} 22
UNI UNIUSDT {'hl_rows': 690, 'bn_rows': 792, 'hl_f_rows': 16535, 'bn_f_rows': 2376} 0
WIF WIFUSDT {'hl_rows': 557, 'bn_rows': 530, 'hl_f_rows': 13351, 'bn_f_rows': 3176} 16
ZETA ZETAUSDT {'hl_rows': 515, 'bn_rows': 515, 'hl_f_rows': 12358, 'bn_f_rows': 3088} 18
kSHIB 1000SHIBUSDT {'hl_rows': 690, 'bn_rows': 792, 'hl_f_rows': 16535, 'bn_f_rows': 2376} 0
