AI AIUSDT {'hl_rows': 418, 'bn_rows': 540, 'hl_f_rows': 11937, 'bn_f_rows': 3236} 16
AR ARUSDT {'hl_rows': 489, 'bn_rows': 792, 'hl_f_rows': 11730, 'bn_f_rows': 2376} 0
BCH BCHUSDT {'hl_rows': 732, 'bn_rows': 792, 'hl_f_rows': 17562, 'bn_f_rows': 2376} 0
BOME BOMEUSDT {'hl_rows': 473, 'bn_rows': 472, 'hl_f_rows': 11333, 'bn_f_rows': 2830} 20
CHILLGUY CHILLGUYUSDT {'hl_rows': 218, 'bn_rows': 216, 'hl_f_rows': 5226, 'bn_f_rows': 1292} 36
DYM DYMUSDT {'hl_rows': 511, 'bn_rows': 510, 'hl_f_rows': 12245, 'bn_f_rows': 3058} 18
FET FETUSDT {'hl_rows': 614, 'bn_rows': 792, 'hl_f_rows': 14719, 'bn_f_rows': 2376} 0
GMX GMXUSDT {'hl_rows': 768, 'bn_rows': 792, 'hl_f_rows': 18135, 'bn_f_rows': 2376} 0
ILV ILVUSDT {'hl_rows': 505, 'bn_rows': 599, 'hl_f_rows': 14191, 'bn_f_rows': 3590} 12
JUP JUPUSDT {'hl_rows': 576, 'bn_rows': 517, 'hl_f_rows': 13822, 'bn_f_rows': 3095} 17
LTC LTCUSDT {'hl_rows': 781, 'bn_rows': 792, 'hl_f_rows': 18174, 'bn_f_rows': 2376} 0
MERL MERLUSDT {'hl_rows': 434, 'bn_rows': 33, 'hl_f_rows': 10400, 'bn_f_rows': 195} 48
NEAR NEARUSDT {'hl_rows': 608, 'bn_rows': 792, 'hl_f_rows': 14574, 'bn_f_rows': 2376} 0
OM OMUSDT {'hl_rows': 135, 'bn_rows': 504, 'hl_f_rows': 3224, 'bn_f_rows': 3021} 18
PENGU PENGUUSDT {'hl_rows': 196, 'bn_rows': 196, 'hl_f_rows': 4689, 'bn_f_rows': 1172} 38
PYTH PYTHUSDT {'hl_rows': 595, 'bn_rows': 587, 'hl_f_rows': 14256, 'bn_f_rows': 3518} 12
S SUSDT {'hl_rows': 165, 'bn_rows': 166, 'hl_f_rows': 3952, 'bn_f_rows': 993} 40
SPX SPXUSDT {'hl_rows': 175, 'bn_rows': 203, 'hl_f_rows': 4194, 'bn_f_rows': 1214} 38
SYRUP SYRUPUSDT {'hl_rows': 5, 'bn_rows': 55, 'hl_f_rows': 114, 'bn_f_rows': 330} 48
TST TSTUSDT {'hl_rows': 142, 'bn_rows': 142, 'hl_f_rows': 3396, 'bn_f_rows': 848} 42
VVV VVVUSDT {'hl_rows': 154, 'bn_rows': 153, 'hl_f_rows': 3695, 'bn_f_rows': 916} 40
YGG YGGUSDT {'hl_rows': 695, 'bn_rows': 696, 'hl_f_rows': 16662, 'bn_f_rows': 3981} 6
kFLOKI 1000FLOKIUSDT {'hl_rows': 476, 'bn_rows': 787, 'hl_f_rows': 11423, 'bn_f_rows': 2359} 0
