{
 "note": "descriptive diagnosis of the judged period; not a test, no verdict recorded",
 "results": {
  "DIV1-H1-TSMOM12": {
   "months": 156,
   "asset_months_held": 2957,
   "direction_flips": 328,
   "entries_or_exits": 21,
   "gross_annual": 0.07788,
   "cost_annual": 0.08859,
   "net_annual": -0.0107,
   "cost_annual_turnover": 0.00603,
   "cost_annual_financing": 0.07635,
   "cost_annual_borrow": 0.0062,
   "avg_gross_exposure": 3.545,
   "gross_annual_development": 0.11345,
   "gross_annual_validation": 0.03639,
   "worst_months": [
    [
     "2019-01-31",
     -0.1324
    ],
    [
     "2018-02-28",
     -0.1263
    ],
    [
     "2016-03-31",
     -0.123
    ],
    [
     "2011-09-30",
     -0.1185
    ],
    [
     "2010-05-28",
     -0.1129
    ]
   ]
  },
  "DIV1-H2-BLEND": {
   "months": 156,
   "asset_months_held": 2952,
   "direction_flips": 866,
   "entries_or_exits": 31,
   "gross_annual": 0.1037,
   "cost_annual": 0.0965,
   "net_annual": 0.0072,
   "cost_annual_turnover": 0.01364,
   "cost_annual_financing": 0.07619,
   "cost_annual_borrow": 0.00668,
   "avg_gross_exposure": 3.54,
   "gross_annual_development": 0.13904,
   "gross_annual_validation": 0.06247,
   "worst_months": [
    [
     "2019-01-31",
     -0.1078
    ],
    [
     "2010-07-30",
     -0.092
    ],
    [
     "2011-10-31",
     -0.0851
    ],
    [
     "2014-07-31",
     -0.0824
    ],
    [
     "2020-01-31",
     -0.0736
    ]
   ]
  }
 }
}
