09:51:10 loading development 2009-2013
/home/user/autonomous-bot-trader/aitrader/research/discovery/opportunity.py:276: RuntimeWarning: invalid value encountered in divide
  risk = np.r_[np.full(n, np.nan), lr[n:] - lr[:-n]] / (rsd * math.sqrt(n))
09:53:47   fit ridge S5 2011 drop=() only=() train=260970 test=620082 6s
09:53:51   fit ridge S5 2012 drop=() only=() train=387608 test=648724 4s
09:53:56   fit ridge S5 2013 drop=() only=() train=490024 test=645694 5s
09:53:56 rank ridge-S5 {"rows": 1042400, "spearman_ic": 0.178, "top_decile_r": -0.0559, "all_r": -0.1699, "share_pred_above_0": 0.01343, "share_pred_above_0.05": 0.00429}
09:54:51   fit trees S5 2011 drop=() only=() train=260970 test=620082 54s
09:56:09   fit trees S5 2012 drop=() only=() train=387608 test=648724 78s
09:57:42   fit trees S5 2013 drop=() only=() train=490024 test=645694 93s
09:57:42 rank trees-S5 {"rows": 1042400, "spearman_ic": 0.1772, "top_decile_r": -0.0449, "all_r": -0.1699, "share_pred_above_0": 0.01977, "share_pred_above_0.05": 0.00538}
09:57:46   fit ridge S15 2011 drop=() only=() train=361333 test=620082 4s
09:57:52   fit ridge S15 2012 drop=() only=() train=552076 test=648724 5s
09:57:57   fit ridge S15 2013 drop=() only=() train=742426 test=645694 5s
09:57:58 rank ridge-S15 {"rows": 1732017, "spearman_ic": 0.179, "top_decile_r": -0.053, "all_r": -0.1395, "share_pred_above_0": 0.01981, "share_pred_above_0.05": 0.00325}
09:59:10   fit trees S15 2011 drop=() only=() train=361333 test=620082 72s
10:00:59   fit trees S15 2012 drop=() only=() train=552076 test=648724 109s
10:03:18   fit trees S15 2013 drop=() only=() train=742426 test=645694 139s
10:03:19 rank trees-S15 {"rows": 1732017, "spearman_ic": 0.1593, "top_decile_r": -0.0387, "all_r": -0.1395, "share_pred_above_0": 0.04549, "share_pred_above_0.05": 0.01237}
10:03:23   fit ridge S60 2011 drop=() only=() train=376121 test=620082 4s
10:03:28   fit ridge S60 2012 drop=() only=() train=582661 test=648724 5s
10:03:35   fit ridge S60 2013 drop=() only=() train=797492 test=645694 7s
10:03:36 rank ridge-S60 {"rows": 1907231, "spearman_ic": 0.1079, "top_decile_r": -0.0437, "all_r": -0.092, "share_pred_above_0": 0.04735, "share_pred_above_0.05": 0.00497}
10:04:52   fit trees S60 2011 drop=() only=() train=376121 test=620082 76s
10:06:45   fit trees S60 2012 drop=() only=() train=582661 test=648724 113s
10:09:16   fit trees S60 2013 drop=() only=() train=797492 test=645694 151s
10:09:17 rank trees-S60 {"rows": 1907231, "spearman_ic": 0.0985, "top_decile_r": -0.0319, "all_r": -0.092, "share_pred_above_0": 0.09749, "share_pred_above_0.05": 0.0274}
10:09:19 RANDOM-S5 {"trades": 14044, "trades_per_month": 390.02, "win_rate": 0.3275, "avg_win_r": 1.5032, "avg_loss_r": -1.0325, "gross_r": -0.0137, "spread_r": 0.1089, "commission_r": 0.0636, "slippage_r": 0.0158, "financing_r": 0.0, "net_r": -0.202, "t_day": -19.036, "profit_factor": 0.709, "net_return_pct": -1418.23, "annual_return_pct": -472.64, "sharpe": -10.806, "max_drawdown_pct": 1418.57, "top10pct_share": null, "three_month_profitable": 0.0}
10:09:25 M-ridge-S5-tau0.00 {"trades": 3776, "trades_per_month": 104.86, "win_rate": 0.3761, "avg_win_r": 1.6152, "avg_loss_r": -1.0197, "gross_r": 0.0984, "spread_r": 0.0704, "commission_r": 0.0458, "slippage_r": 0.0111, "financing_r": 0.0, "net_r": -0.0288, "t_day": -1.224, "profit_factor": 0.955, "net_return_pct": -54.38, "annual_return_pct": -18.12, "sharpe": -0.695, "max_drawdown_pct": 79.7, "top10pct_share": null, "three_month_profitable": 0.294} vsR 6.074 promoted False
10:09:25 M-ridge-S5-tau0.05 {"trades": 1326, "trades_per_month": 36.82, "win_rate": 0.3861, "avg_win_r": 1.598, "avg_loss_r": -1.0003, "gross_r": 0.1204, "spread_r": 0.0662, "commission_r": 0.0412, "slippage_r": 0.01, "financing_r": 0.0, "net_r": 0.003, "t_day": 0.076, "profit_factor": 1.005, "net_return_pct": 1.97, "annual_return_pct": 0.65, "sharpe": 0.043, "max_drawdown_pct": 25.61, "top10pct_share": 65.441, "three_month_profitable": 0.5} vsR 3.621 promoted False
10:09:26 M-ridge-S5-tau0.10 {"trades": 614, "trades_per_month": 17.05, "win_rate": 0.4039, "avg_win_r": 1.5555, "avg_loss_r": -0.987, "gross_r": 0.1526, "spread_r": 0.0653, "commission_r": 0.0382, "slippage_r": 0.0092, "financing_r": 0.0, "net_r": 0.04, "t_day": 0.664, "profit_factor": 1.068, "net_return_pct": 12.27, "annual_return_pct": 4.09, "sharpe": 0.377, "max_drawdown_pct": 13.78, "top10pct_share": 4.818, "three_month_profitable": 0.5} vsR 2.638 promoted False
10:09:26 M-trees-S5-tau0.00 {"trades": 4478, "trades_per_month": 124.36, "win_rate": 0.3861, "avg_win_r": 1.6115, "avg_loss_r": -1.0177, "gross_r": 0.1224, "spread_r": 0.0701, "commission_r": 0.0442, "slippage_r": 0.0106, "financing_r": 0.0, "net_r": -0.0025, "t_day": -0.119, "profit_factor": 0.996, "net_return_pct": -5.64, "annual_return_pct": -1.88, "sharpe": -0.067, "max_drawdown_pct": 46.48, "top10pct_share": null, "three_month_profitable": 0.588} vsR 6.98 promoted False
10:09:27 M-trees-S5-tau0.05 {"trades": 1690, "trades_per_month": 46.93, "win_rate": 0.4024, "avg_win_r": 1.599, "avg_loss_r": -1.003, "gross_r": 0.1566, "spread_r": 0.0649, "commission_r": 0.0386, "slippage_r": 0.0092, "financing_r": 0.0, "net_r": 0.0439, "t_day": 1.324, "profit_factor": 1.073, "net_return_pct": 37.13, "annual_return_pct": 12.37, "sharpe": 0.752, "max_drawdown_pct": 25.81, "top10pct_share": 4.364, "three_month_profitable": 0.735} vsR 5.737 promoted False
10:09:27 M-trees-S5-tau0.10 {"trades": 550, "trades_per_month": 15.27, "win_rate": 0.4109, "avg_win_r": 1.61, "avg_loss_r": -0.9746, "gross_r": 0.1908, "spread_r": 0.0593, "commission_r": 0.0355, "slippage_r": 0.0084, "financing_r": 0.0, "net_r": 0.0874, "t_day": 1.387, "profit_factor": 1.152, "net_return_pct": 24.05, "annual_return_pct": 8.01, "sharpe": 0.788, "max_drawdown_pct": 13.52, "top10pct_share": 2.206, "three_month_profitable": 0.618} vsR 4.226 promoted False
10:09:28 R-MOM-S5 {"trades": 7216, "trades_per_month": 200.4, "win_rate": 0.3359, "avg_win_r": 1.6178, "avg_loss_r": -1.0352, "gross_r": 0.0114, "spread_r": 0.0881, "commission_r": 0.0541, "slippage_r": 0.0132, "financing_r": 0.0, "net_r": -0.144, "t_day": -9.473, "profit_factor": 0.791, "net_return_pct": -519.5, "annual_return_pct": -173.13, "sharpe": -5.377, "max_drawdown_pct": 523.69, "top10pct_share": null, "three_month_profitable": 0.0} vsR 2.309 promoted False
10:09:29 R-MR-S5 {"trades": 8043, "trades_per_month": 223.37, "win_rate": 0.3287, "avg_win_r": 1.6199, "avg_loss_r": -1.049, "gross_r": -0.0042, "spread_r": 0.0936, "commission_r": 0.0593, "slippage_r": 0.0145, "financing_r": 0.0, "net_r": -0.1717, "t_day": -11.853, "profit_factor": 0.756, "net_return_pct": -690.38, "annual_return_pct": -230.07, "sharpe": -6.729, "max_drawdown_pct": 690.9, "top10pct_share": null, "three_month_profitable": 0.0} vsR 0.162 promoted False
10:09:30 R-BRK-S5 {"trades": 9574, "trades_per_month": 265.88, "win_rate": 0.3025, "avg_win_r": 1.6527, "avg_loss_r": -1.053, "gross_r": -0.0639, "spread_r": 0.0938, "commission_r": 0.0617, "slippage_r": 0.0152, "financing_r": 0.0, "net_r": -0.2346, "t_day": -22.22, "profit_factor": 0.681, "net_return_pct": -1123.01, "annual_return_pct": -374.25, "sharpe": -12.614, "max_drawdown_pct": 1125.44, "top10pct_share": null, "three_month_profitable": 0.0} vsR -3.423 promoted False
10:10:16 R-SWEEP-S5 {"trades": 7456, "trades_per_month": 207.06, "win_rate": 0.3287, "avg_win_r": 1.624, "avg_loss_r": -1.0504, "gross_r": 0.0031, "spread_r": 0.0986, "commission_r": 0.0609, "slippage_r": 0.0149, "financing_r": 0.0, "net_r": -0.1713, "t_day": -12.047, "profit_factor": 0.757, "net_return_pct": -638.58, "annual_return_pct": -212.81, "sharpe": -6.839, "max_drawdown_pct": 639.32, "top10pct_share": null, "three_month_profitable": 0.0} vsR -0.432 promoted False
10:10:18 RANDOM-S15 {"trades": 12608, "trades_per_month": 350.14, "win_rate": 0.3497, "avg_win_r": 1.3237, "avg_loss_r": -0.9482, "gross_r": -0.0111, "spread_r": 0.0855, "commission_r": 0.0455, "slippage_r": 0.0116, "financing_r": -0.0, "net_r": -0.1537, "t_day": -14.325, "profit_factor": 0.751, "net_return_pct": -968.86, "annual_return_pct": -322.88, "sharpe": -8.132, "max_drawdown_pct": 968.87, "top10pct_share": null, "three_month_profitable": 0.0}
10:10:29 M-ridge-S15-tau0.00 {"trades": 4534, "trades_per_month": 125.92, "win_rate": 0.3924, "avg_win_r": 1.4587, "avg_loss_r": -0.966, "gross_r": 0.0798, "spread_r": 0.0525, "commission_r": 0.0336, "slippage_r": 0.0083, "financing_r": 0.0, "net_r": -0.0146, "t_day": -0.703, "profit_factor": 0.975, "net_return_pct": -33.13, "annual_return_pct": -11.04, "sharpe": -0.399, "max_drawdown_pct": 50.62, "top10pct_share": null, "three_month_profitable": 0.471} vsR 5.401 promoted False
10:10:29 M-ridge-S15-tau0.05 {"trades": 1475, "trades_per_month": 40.96, "win_rate": 0.4183, "avg_win_r": 1.4581, "avg_loss_r": -0.9562, "gross_r": 0.1448, "spread_r": 0.0512, "commission_r": 0.032, "slippage_r": 0.0078, "financing_r": 0.0, "net_r": 0.0538, "t_day": 1.556, "profit_factor": 1.097, "net_return_pct": 39.64, "annual_return_pct": 13.21, "sharpe": 0.883, "max_drawdown_pct": 10.24, "top10pct_share": 3.624, "three_month_profitable": 0.794} vsR 5.373 promoted False
10:10:29 M-ridge-S15-tau0.10 {"trades": 476, "trades_per_month": 13.22, "win_rate": 0.4118, "avg_win_r": 1.5934, "avg_loss_r": -0.9848, "gross_r": 0.1769, "spread_r": 0.057, "commission_r": 0.0349, "slippage_r": 0.0083, "financing_r": 0.0, "net_r": 0.0768, "t_day": 1.131, "profit_factor": 1.133, "net_return_pct": 18.28, "annual_return_pct": 6.09, "sharpe": 0.642, "max_drawdown_pct": 9.67, "top10pct_share": 2.549, "three_month_profitable": 0.559} vsR 3.085 promoted False
10:10:30 M-trees-S15-tau0.00 {"trades": 5688, "trades_per_month": 157.96, "win_rate": 0.3806, "avg_win_r": 1.5217, "avg_loss_r": -0.9809, "gross_r": 0.079, "spread_r": 0.0603, "commission_r": 0.0378, "slippage_r": 0.0092, "financing_r": 0.0, "net_r": -0.0283, "t_day": -1.53, "profit_factor": 0.953, "net_return_pct": -80.56, "annual_return_pct": -26.85, "sharpe": -0.869, "max_drawdown_pct": 88.12, "top10pct_share": null, "three_month_profitable": 0.294} vsR 5.206 promoted False
10:10:31 M-trees-S15-tau0.05 {"trades": 2910, "trades_per_month": 80.81, "win_rate": 0.3959, "avg_win_r": 1.4863, "avg_loss_r": -0.9717, "gross_r": 0.1035, "spread_r": 0.0591, "commission_r": 0.0345, "slippage_r": 0.0084, "financing_r": 0.0, "net_r": 0.0014, "t_day": 0.054, "profit_factor": 1.002, "net_return_pct": 1.99, "annual_return_pct": 0.66, "sharpe": 0.031, "max_drawdown_pct": 33.27, "top10pct_share": 140.686, "three_month_profitable": 0.5} vsR 4.703 promoted False
10:10:31 M-trees-S15-tau0.10 {"trades": 1007, "trades_per_month": 27.97, "win_rate": 0.3923, "avg_win_r": 1.4541, "avg_loss_r": -0.9721, "gross_r": 0.0815, "spread_r": 0.0597, "commission_r": 0.0338, "slippage_r": 0.0084, "financing_r": 0.0, "net_r": -0.0204, "t_day": -0.462, "profit_factor": 0.965, "net_return_pct": -10.3, "annual_return_pct": -3.43, "sharpe": -0.262, "max_drawdown_pct": 28.14, "top10pct_share": null, "three_month_profitable": 0.529} vsR 3.376 promoted False
10:10:32 R-MOM-S15 {"trades": 5838, "trades_per_month": 162.13, "win_rate": 0.3428, "avg_win_r": 1.5407, "avg_loss_r": -0.9882, "gross_r": 0.0042, "spread_r": 0.0719, "commission_r": 0.0431, "slippage_r": 0.0106, "financing_r": 0.0, "net_r": -0.1214, "t_day": -6.831, "profit_factor": 0.813, "net_return_pct": -354.33, "annual_return_pct": -118.08, "sharpe": -3.878, "max_drawdown_pct": 359.36, "top10pct_share": null, "three_month_profitable": 0.0} vsR 0.776 promoted False
10:10:33 R-MR-S15 {"trades": 6884, "trades_per_month": 191.18, "win_rate": 0.3511, "avg_win_r": 1.4743, "avg_loss_r": -1.0059, "gross_r": 0.002, "spread_r": 0.0781, "commission_r": 0.0472, "slippage_r": 0.0117, "financing_r": 0.0, "net_r": -0.1351, "t_day": -8.548, "profit_factor": 0.793, "net_return_pct": -464.91, "annual_return_pct": -154.93, "sharpe": -4.852, "max_drawdown_pct": 479.97, "top10pct_share": null, "three_month_profitable": 0.0} vsR 0.13 promoted False
10:10:35 R-BRK-S15 {"trades": 7552, "trades_per_month": 209.73, "win_rate": 0.3285, "avg_win_r": 1.5523, "avg_loss_r": -1.0071, "gross_r": -0.0272, "spread_r": 0.0793, "commission_r": 0.048, "slippage_r": 0.0119, "financing_r": 0.0, "net_r": -0.1663, "t_day": -11.186, "profit_factor": 0.754, "net_return_pct": -627.99, "annual_return_pct": -209.28, "sharpe": -6.35, "max_drawdown_pct": 627.99, "top10pct_share": null, "three_month_profitable": 0.0} vsR -1.455 promoted False
10:11:22 R-SWEEP-S15 {"trades": 6988, "trades_per_month": 194.07, "win_rate": 0.3434, "avg_win_r": 1.5348, "avg_loss_r": -1.0068, "gross_r": 0.0145, "spread_r": 0.0871, "commission_r": 0.0492, "slippage_r": 0.0121, "financing_r": 0.0, "net_r": -0.1339, "t_day": -8.998, "profit_factor": 0.797, "net_return_pct": -467.92, "annual_return_pct": -155.94, "sharpe": -5.108, "max_drawdown_pct": 468.23, "top10pct_share": null, "three_month_profitable": 0.0} vsR -0.038 promoted False
10:11:25 RANDOM-S60 {"trades": 9880, "trades_per_month": 274.38, "win_rate": 0.3867, "avg_win_r": 1.104, "avg_loss_r": -0.8336, "gross_r": 0.0103, "spread_r": 0.058, "commission_r": 0.029, "slippage_r": 0.0075, "financing_r": -0.0, "net_r": -0.0842, "t_day": -7.173, "profit_factor": 0.835, "net_return_pct": -416.05, "annual_return_pct": -138.65, "sharpe": -4.072, "max_drawdown_pct": 418.73, "top10pct_share": null, "three_month_profitable": 0.0}
10:11:43 M-ridge-S60-tau0.00 {"trades": 4089, "trades_per_month": 113.56, "win_rate": 0.4096, "avg_win_r": 1.1839, "avg_loss_r": -0.8608, "gross_r": 0.047, "spread_r": 0.0394, "commission_r": 0.0246, "slippage_r": 0.0063, "financing_r": 0.0, "net_r": -0.0232, "t_day": -1.209, "profit_factor": 0.954, "net_return_pct": -47.47, "annual_return_pct": -15.82, "sharpe": -0.686, "max_drawdown_pct": 62.14, "top10pct_share": null, "three_month_profitable": 0.441} vsR 4.223 promoted False
10:11:44 M-ridge-S60-tau0.05 {"trades": 1558, "trades_per_month": 43.27, "win_rate": 0.4307, "avg_win_r": 1.0578, "avg_loss_r": -0.8082, "gross_r": 0.0606, "spread_r": 0.037, "commission_r": 0.0223, "slippage_r": 0.0058, "financing_r": 0.0, "net_r": -0.0046, "t_day": -0.148, "profit_factor": 0.99, "net_return_pct": -3.55, "annual_return_pct": -1.18, "sharpe": -0.084, "max_drawdown_pct": 24.03, "top10pct_share": null, "three_month_profitable": 0.588} vsR 2.735 promoted False
10:11:44 M-ridge-S60-tau0.10 {"trades": 253, "trades_per_month": 7.03, "win_rate": 0.4229, "avg_win_r": 1.2673, "avg_loss_r": -0.8788, "gross_r": 0.1038, "spread_r": 0.0436, "commission_r": 0.0251, "slippage_r": 0.0063, "financing_r": 0.0, "net_r": 0.0289, "t_day": 0.371, "profit_factor": 1.057, "net_return_pct": 3.65, "annual_return_pct": 1.22, "sharpe": 0.21, "max_drawdown_pct": 6.2, "top10pct_share": 6.66, "three_month_profitable": 0.588} vsR 1.548 promoted False
10:11:46 M-trees-S60-tau0.00 {"trades": 4415, "trades_per_month": 122.61, "win_rate": 0.3993, "avg_win_r": 1.22, "avg_loss_r": -0.8746, "gross_r": 0.0423, "spread_r": 0.0475, "commission_r": 0.0263, "slippage_r": 0.0067, "financing_r": 0.0, "net_r": -0.0382, "t_day": -2.046, "profit_factor": 0.927, "net_return_pct": -84.36, "annual_return_pct": -28.11, "sharpe": -1.161, "max_drawdown_pct": 112.25, "top10pct_share": null, "three_month_profitable": 0.324} vsR 1.778 promoted False
10:11:46 M-trees-S60-tau0.05 {"trades": 2700, "trades_per_month": 74.98, "win_rate": 0.4181, "avg_win_r": 1.2266, "avg_loss_r": -0.8832, "gross_r": 0.0772, "spread_r": 0.0465, "commission_r": 0.0252, "slippage_r": 0.0064, "financing_r": 0.0, "net_r": -0.001, "t_day": -0.04, "profit_factor": 0.998, "net_return_pct": -1.32, "annual_return_pct": -0.44, "sharpe": -0.023, "max_drawdown_pct": 33.46, "top10pct_share": null, "three_month_profitable": 0.588} vsR 2.673 promoted False
10:11:47 M-trees-S60-tau0.10 {"trades": 1115, "trades_per_month": 30.97, "win_rate": 0.4215, "avg_win_r": 1.209, "avg_loss_r": -0.8862, "gross_r": 0.0725, "spread_r": 0.046, "commission_r": 0.0235, "slippage_r": 0.006, "financing_r": 0.0, "net_r": -0.003, "t_day": -0.078, "profit_factor": 0.994, "net_return_pct": -1.66, "annual_return_pct": -0.55, "sharpe": -0.044, "max_drawdown_pct": 29.74, "top10pct_share": null, "three_month_profitable": 0.412} vsR 2.86 promoted False
10:11:48 R-MOM-S60 {"trades": 4251, "trades_per_month": 118.06, "win_rate": 0.3606, "avg_win_r": 1.3282, "avg_loss_r": -0.893, "gross_r": -0.0036, "spread_r": 0.0513, "commission_r": 0.0297, "slippage_r": 0.0075, "financing_r": 0.0, "net_r": -0.092, "t_day": -4.612, "profit_factor": 0.839, "net_return_pct": -195.51, "annual_return_pct": -65.16, "sharpe": -2.618, "max_drawdown_pct": 205.6, "top10pct_share": null, "three_month_profitable": 0.029} vsR -0.041 promoted False
10:11:49 R-MR-S60 {"trades": 4480, "trades_per_month": 124.42, "win_rate": 0.3882, "avg_win_r": 1.1987, "avg_loss_r": -0.9059, "gross_r": 0.0019, "spread_r": 0.0527, "commission_r": 0.0304, "slippage_r": 0.0078, "financing_r": 0.0, "net_r": -0.089, "t_day": -4.823, "profit_factor": 0.839, "net_return_pct": -199.32, "annual_return_pct": -66.43, "sharpe": -2.738, "max_drawdown_pct": 208.01, "top10pct_share": null, "three_month_profitable": 0.0} vsR -0.003 promoted False
10:11:50 R-BRK-S60 {"trades": 4758, "trades_per_month": 132.14, "win_rate": 0.3722, "avg_win_r": 1.2759, "avg_loss_r": -0.8764, "gross_r": 0.0152, "spread_r": 0.0525, "commission_r": 0.0303, "slippage_r": 0.0077, "financing_r": 0.0, "net_r": -0.0753, "t_day": -4.152, "profit_factor": 0.863, "net_return_pct": -179.12, "annual_return_pct": -59.69, "sharpe": -2.357, "max_drawdown_pct": 181.65, "top10pct_share": null, "three_month_profitable": 0.088} vsR 1.51 promoted False
10:12:40 R-SWEEP-S60 {"trades": 4529, "trades_per_month": 125.78, "win_rate": 0.3745, "avg_win_r": 1.2433, "avg_loss_r": -0.9063, "gross_r": -0.0031, "spread_r": 0.0586, "commission_r": 0.0315, "slippage_r": 0.008, "financing_r": 0.0, "net_r": -0.1013, "t_day": -5.716, "profit_factor": 0.821, "net_return_pct": -229.48, "annual_return_pct": -76.48, "sharpe": -3.245, "max_drawdown_pct": 230.08, "top10pct_share": null, "three_month_profitable": 0.059} vsR -1.305 promoted False
10:12:44   fit ridge S5 2011 drop=('momentum',) only=() train=260970 test=620082 4s
10:12:48   fit ridge S5 2012 drop=('momentum',) only=() train=387608 test=648724 4s
10:12:52   fit ridge S5 2013 drop=('momentum',) only=() train=490024 test=645694 4s
10:12:53   fit ridge S5 2011 drop=() only=('momentum',) train=260970 test=620082 0s
10:12:53   fit ridge S5 2012 drop=() only=('momentum',) train=387608 test=648724 0s
10:12:54   fit ridge S5 2013 drop=() only=('momentum',) train=490024 test=645694 0s
10:12:58   fit ridge S5 2011 drop=('reversion',) only=() train=260970 test=620082 3s
10:13:01   fit ridge S5 2012 drop=('reversion',) only=() train=387608 test=648724 3s
10:13:04   fit ridge S5 2013 drop=('reversion',) only=() train=490024 test=645694 3s
10:13:04   fit ridge S5 2011 drop=() only=('reversion',) train=260970 test=620082 0s
10:13:05   fit ridge S5 2012 drop=() only=('reversion',) train=387608 test=648724 0s
10:13:05   fit ridge S5 2013 drop=() only=('reversion',) train=490024 test=645694 0s
10:13:07   fit ridge S5 2011 drop=('breakout',) only=() train=260970 test=620082 2s
10:13:09   fit ridge S5 2012 drop=('breakout',) only=() train=387608 test=648724 2s
10:13:12   fit ridge S5 2013 drop=('breakout',) only=() train=490024 test=645694 3s
10:13:13   fit ridge S5 2011 drop=() only=('breakout',) train=260970 test=620082 0s
10:13:13   fit ridge S5 2012 drop=() only=('breakout',) train=387608 test=648724 0s
10:13:14   fit ridge S5 2013 drop=() only=('breakout',) train=490024 test=645694 0s
10:13:16   fit ridge S5 2011 drop=('structure',) only=() train=260970 test=620082 2s
10:13:19   fit ridge S5 2012 drop=('structure',) only=() train=387608 test=648724 3s
10:13:22   fit ridge S5 2013 drop=('structure',) only=() train=490024 test=645694 3s
10:13:23   fit ridge S5 2011 drop=() only=('structure',) train=260970 test=620082 0s
10:13:23   fit ridge S5 2012 drop=() only=('structure',) train=387608 test=648724 0s
10:13:23   fit ridge S5 2013 drop=() only=('structure',) train=490024 test=645694 0s
10:13:27   fit ridge S5 2011 drop=('liquidity',) only=() train=260970 test=620082 3s
10:13:32   fit ridge S5 2012 drop=('liquidity',) only=() train=387608 test=648724 5s
10:13:35   fit ridge S5 2013 drop=('liquidity',) only=() train=490024 test=645694 3s
10:13:36   fit ridge S5 2011 drop=() only=('liquidity',) train=260970 test=620082 0s
10:13:36   fit ridge S5 2012 drop=() only=('liquidity',) train=387608 test=648724 0s
10:13:37   fit ridge S5 2013 drop=() only=('liquidity',) train=490024 test=645694 0s
10:13:40   fit ridge S5 2011 drop=('volatility',) only=() train=260970 test=620082 3s
10:13:42   fit ridge S5 2012 drop=('volatility',) only=() train=387608 test=648724 2s
10:13:45   fit ridge S5 2013 drop=('volatility',) only=() train=490024 test=645694 3s
10:13:46   fit ridge S5 2011 drop=() only=('volatility',) train=260970 test=620082 0s
10:13:46   fit ridge S5 2012 drop=() only=('volatility',) train=387608 test=648724 0s
10:13:47   fit ridge S5 2013 drop=() only=('volatility',) train=490024 test=645694 0s
10:13:51   fit ridge S5 2011 drop=('cost',) only=() train=260970 test=620082 4s
10:13:54   fit ridge S5 2012 drop=('cost',) only=() train=387608 test=648724 3s
10:13:58   fit ridge S5 2013 drop=('cost',) only=() train=490024 test=645694 4s
10:13:59   fit ridge S5 2011 drop=() only=('cost',) train=260970 test=620082 0s
10:13:59   fit ridge S5 2012 drop=() only=('cost',) train=387608 test=648724 0s
10:13:59   fit ridge S5 2013 drop=() only=('cost',) train=490024 test=645694 0s
10:14:02   fit ridge S5 2011 drop=('session',) only=() train=260970 test=620082 2s
10:14:04   fit ridge S5 2012 drop=('session',) only=() train=387608 test=648724 2s
10:14:07   fit ridge S5 2013 drop=('session',) only=() train=490024 test=645694 3s
10:14:08   fit ridge S5 2011 drop=() only=('session',) train=260970 test=620082 0s
10:14:08   fit ridge S5 2012 drop=() only=('session',) train=387608 test=648724 0s
10:14:08   fit ridge S5 2013 drop=() only=('session',) train=490024 test=645694 0s
10:14:10   fit ridge S5 2011 drop=('mtf',) only=() train=260970 test=620082 2s
10:14:14   fit ridge S5 2012 drop=('mtf',) only=() train=387608 test=648724 4s
10:14:18   fit ridge S5 2013 drop=('mtf',) only=() train=490024 test=645694 4s
10:14:19   fit ridge S5 2011 drop=() only=('mtf',) train=260970 test=620082 0s
10:14:19   fit ridge S5 2012 drop=() only=('mtf',) train=387608 test=648724 0s
10:14:20   fit ridge S5 2013 drop=() only=('mtf',) train=490024 test=645694 0s
10:14:24   fit ridge S5 2011 drop=('cross',) only=() train=260970 test=620082 4s
10:14:27   fit ridge S5 2012 drop=('cross',) only=() train=387608 test=648724 3s
10:14:31   fit ridge S5 2013 drop=('cross',) only=() train=490024 test=645694 4s
10:14:32   fit ridge S5 2011 drop=() only=('cross',) train=260970 test=620082 0s
10:14:32   fit ridge S5 2012 drop=() only=('cross',) train=387608 test=648724 0s
10:14:32   fit ridge S5 2013 drop=() only=('cross',) train=490024 test=645694 0s
10:14:36   fit ridge S5 2011 drop=('volume',) only=() train=260970 test=620082 3s
10:14:38   fit ridge S5 2012 drop=('volume',) only=() train=387608 test=648724 2s
10:14:41   fit ridge S5 2013 drop=('volume',) only=() train=490024 test=645694 3s
10:14:42   fit ridge S5 2011 drop=() only=('volume',) train=260970 test=620082 0s
10:14:42   fit ridge S5 2012 drop=() only=('volume',) train=387608 test=648724 0s
10:14:42   fit ridge S5 2013 drop=() only=('volume',) train=490024 test=645694 0s
10:14:45   fit ridge S5 2011 drop=('memory',) only=() train=260970 test=620082 2s
10:14:48   fit ridge S5 2012 drop=('memory',) only=() train=387608 test=648724 4s
10:14:53   fit ridge S5 2013 drop=('memory',) only=() train=490024 test=645694 4s
10:14:53   fit ridge S5 2011 drop=() only=('memory',) train=260970 test=620082 0s
10:14:53   fit ridge S5 2012 drop=() only=('memory',) train=387608 test=648724 0s
10:14:54   fit ridge S5 2013 drop=() only=('memory',) train=490024 test=645694 0s
10:14:56   fit ridge S5 2011 drop=('identity',) only=() train=260970 test=620082 2s
10:14:58   fit ridge S5 2012 drop=('identity',) only=() train=387608 test=648724 2s
10:15:01   fit ridge S5 2013 drop=('identity',) only=() train=490024 test=645694 3s
10:15:02   fit ridge S5 2011 drop=() only=('identity',) train=260970 test=620082 0s
10:15:03   fit ridge S5 2012 drop=() only=('identity',) train=387608 test=648724 0s
10:15:03   fit ridge S5 2013 drop=() only=('identity',) train=490024 test=645694 1s
10:15:06   fit ridge S15 2011 drop=('momentum',) only=() train=361333 test=620082 3s
10:15:11   fit ridge S15 2012 drop=('momentum',) only=() train=552076 test=648724 5s
10:15:17   fit ridge S15 2013 drop=('momentum',) only=() train=742426 test=645694 6s
10:15:18   fit ridge S15 2011 drop=() only=('momentum',) train=361333 test=620082 0s
10:15:18   fit ridge S15 2012 drop=() only=('momentum',) train=552076 test=648724 0s
10:15:19   fit ridge S15 2013 drop=() only=('momentum',) train=742426 test=645694 1s
10:15:23   fit ridge S15 2011 drop=('reversion',) only=() train=361333 test=620082 3s
10:15:28   fit ridge S15 2012 drop=('reversion',) only=() train=552076 test=648724 5s
10:15:34   fit ridge S15 2013 drop=('reversion',) only=() train=742426 test=645694 6s
10:15:35   fit ridge S15 2011 drop=() only=('reversion',) train=361333 test=620082 0s
10:15:35   fit ridge S15 2012 drop=() only=('reversion',) train=552076 test=648724 0s
10:15:35   fit ridge S15 2013 drop=() only=('reversion',) train=742426 test=645694 0s
10:15:39   fit ridge S15 2011 drop=('breakout',) only=() train=361333 test=620082 3s
10:15:44   fit ridge S15 2012 drop=('breakout',) only=() train=552076 test=648724 5s
10:15:50   fit ridge S15 2013 drop=('breakout',) only=() train=742426 test=645694 6s
10:15:51   fit ridge S15 2011 drop=() only=('breakout',) train=361333 test=620082 0s
10:15:51   fit ridge S15 2012 drop=() only=('breakout',) train=552076 test=648724 0s
10:15:51   fit ridge S15 2013 drop=() only=('breakout',) train=742426 test=645694 0s
10:15:55   fit ridge S15 2011 drop=('structure',) only=() train=361333 test=620082 3s
10:16:00   fit ridge S15 2012 drop=('structure',) only=() train=552076 test=648724 5s
10:16:05   fit ridge S15 2013 drop=('structure',) only=() train=742426 test=645694 5s
10:16:06   fit ridge S15 2011 drop=() only=('structure',) train=361333 test=620082 0s
10:16:07   fit ridge S15 2012 drop=() only=('structure',) train=552076 test=648724 0s
10:16:07   fit ridge S15 2013 drop=() only=('structure',) train=742426 test=645694 0s
10:16:11   fit ridge S15 2011 drop=('liquidity',) only=() train=361333 test=620082 3s
10:16:16   fit ridge S15 2012 drop=('liquidity',) only=() train=552076 test=648724 5s
10:16:21   fit ridge S15 2013 drop=('liquidity',) only=() train=742426 test=645694 5s
10:16:22   fit ridge S15 2011 drop=() only=('liquidity',) train=361333 test=620082 0s
10:16:23   fit ridge S15 2012 drop=() only=('liquidity',) train=552076 test=648724 0s
10:16:23   fit ridge S15 2013 drop=() only=('liquidity',) train=742426 test=645694 0s
10:16:28   fit ridge S15 2011 drop=('volatility',) only=() train=361333 test=620082 4s
10:16:31   fit ridge S15 2012 drop=('volatility',) only=() train=552076 test=648724 3s
10:16:36   fit ridge S15 2013 drop=('volatility',) only=() train=742426 test=645694 5s
10:16:37   fit ridge S15 2011 drop=() only=('volatility',) train=361333 test=620082 0s
10:16:38   fit ridge S15 2012 drop=() only=('volatility',) train=552076 test=648724 0s
10:16:38   fit ridge S15 2013 drop=() only=('volatility',) train=742426 test=645694 0s
10:16:41   fit ridge S15 2011 drop=('cost',) only=() train=361333 test=620082 2s
10:16:47   fit ridge S15 2012 drop=('cost',) only=() train=552076 test=648724 6s
10:16:53   fit ridge S15 2013 drop=('cost',) only=() train=742426 test=645694 7s
10:16:54   fit ridge S15 2011 drop=() only=('cost',) train=361333 test=620082 0s
10:16:54   fit ridge S15 2012 drop=() only=('cost',) train=552076 test=648724 0s
10:16:55   fit ridge S15 2013 drop=() only=('cost',) train=742426 test=645694 0s
10:16:58   fit ridge S15 2011 drop=('session',) only=() train=361333 test=620082 3s
10:17:03   fit ridge S15 2012 drop=('session',) only=() train=552076 test=648724 5s
10:17:10   fit ridge S15 2013 drop=('session',) only=() train=742426 test=645694 7s
10:17:10   fit ridge S15 2011 drop=() only=('session',) train=361333 test=620082 0s
10:17:11   fit ridge S15 2012 drop=() only=('session',) train=552076 test=648724 0s
10:17:11   fit ridge S15 2013 drop=() only=('session',) train=742426 test=645694 0s
10:17:14   fit ridge S15 2011 drop=('mtf',) only=() train=361333 test=620082 2s
10:17:18   fit ridge S15 2012 drop=('mtf',) only=() train=552076 test=648724 5s
10:17:25   fit ridge S15 2013 drop=('mtf',) only=() train=742426 test=645694 6s
10:17:26   fit ridge S15 2011 drop=() only=('mtf',) train=361333 test=620082 0s
10:17:26   fit ridge S15 2012 drop=() only=('mtf',) train=552076 test=648724 0s
10:17:26   fit ridge S15 2013 drop=() only=('mtf',) train=742426 test=645694 0s
10:17:29   fit ridge S15 2011 drop=('cross',) only=() train=361333 test=620082 2s
10:17:34   fit ridge S15 2012 drop=('cross',) only=() train=552076 test=648724 5s
10:17:39   fit ridge S15 2013 drop=('cross',) only=() train=742426 test=645694 5s
10:17:40   fit ridge S15 2011 drop=() only=('cross',) train=361333 test=620082 0s
10:17:40   fit ridge S15 2012 drop=() only=('cross',) train=552076 test=648724 0s
10:17:41   fit ridge S15 2013 drop=() only=('cross',) train=742426 test=645694 0s
10:17:45   fit ridge S15 2011 drop=('volume',) only=() train=361333 test=620082 3s
10:17:50   fit ridge S15 2012 drop=('volume',) only=() train=552076 test=648724 5s
10:17:56   fit ridge S15 2013 drop=('volume',) only=() train=742426 test=645694 6s
10:17:57   fit ridge S15 2011 drop=() only=('volume',) train=361333 test=620082 0s
10:17:57   fit ridge S15 2012 drop=() only=('volume',) train=552076 test=648724 0s
10:17:58   fit ridge S15 2013 drop=() only=('volume',) train=742426 test=645694 0s
10:18:01   fit ridge S15 2011 drop=('memory',) only=() train=361333 test=620082 3s
10:18:06   fit ridge S15 2012 drop=('memory',) only=() train=552076 test=648724 5s
10:18:13   fit ridge S15 2013 drop=('memory',) only=() train=742426 test=645694 7s
10:18:14   fit ridge S15 2011 drop=() only=('memory',) train=361333 test=620082 0s
10:18:14   fit ridge S15 2012 drop=() only=('memory',) train=552076 test=648724 0s
10:18:14   fit ridge S15 2013 drop=() only=('memory',) train=742426 test=645694 0s
10:18:17   fit ridge S15 2011 drop=('identity',) only=() train=361333 test=620082 2s
10:18:21   fit ridge S15 2012 drop=('identity',) only=() train=552076 test=648724 3s
10:18:26   fit ridge S15 2013 drop=('identity',) only=() train=742426 test=645694 5s
10:18:27   fit ridge S15 2011 drop=() only=('identity',) train=361333 test=620082 0s
10:18:28   fit ridge S15 2012 drop=() only=('identity',) train=552076 test=648724 0s
10:18:28   fit ridge S15 2013 drop=() only=('identity',) train=742426 test=645694 1s
10:18:31   fit ridge S60 2011 drop=('momentum',) only=() train=376121 test=620082 3s
10:18:36   fit ridge S60 2012 drop=('momentum',) only=() train=582661 test=648724 5s
10:18:42   fit ridge S60 2013 drop=('momentum',) only=() train=797492 test=645694 6s
10:18:43   fit ridge S60 2011 drop=() only=('momentum',) train=376121 test=620082 0s
10:18:43   fit ridge S60 2012 drop=() only=('momentum',) train=582661 test=648724 0s
10:18:44   fit ridge S60 2013 drop=() only=('momentum',) train=797492 test=645694 0s
10:18:47   fit ridge S60 2011 drop=('reversion',) only=() train=376121 test=620082 3s
10:18:52   fit ridge S60 2012 drop=('reversion',) only=() train=582661 test=648724 5s
10:18:59   fit ridge S60 2013 drop=('reversion',) only=() train=797492 test=645694 6s
10:19:00   fit ridge S60 2011 drop=() only=('reversion',) train=376121 test=620082 0s
10:19:00   fit ridge S60 2012 drop=() only=('reversion',) train=582661 test=648724 0s
10:19:01   fit ridge S60 2013 drop=() only=('reversion',) train=797492 test=645694 0s
10:19:04   fit ridge S60 2011 drop=('breakout',) only=() train=376121 test=620082 2s
10:19:08   fit ridge S60 2012 drop=('breakout',) only=() train=582661 test=648724 4s
10:19:14   fit ridge S60 2013 drop=('breakout',) only=() train=797492 test=645694 6s
10:19:15   fit ridge S60 2011 drop=() only=('breakout',) train=376121 test=620082 0s
10:19:16   fit ridge S60 2012 drop=() only=('breakout',) train=582661 test=648724 0s
10:19:16   fit ridge S60 2013 drop=() only=('breakout',) train=797492 test=645694 0s
10:19:19   fit ridge S60 2011 drop=('structure',) only=() train=376121 test=620082 2s
10:19:24   fit ridge S60 2012 drop=('structure',) only=() train=582661 test=648724 5s
10:19:30   fit ridge S60 2013 drop=('structure',) only=() train=797492 test=645694 6s
10:19:31   fit ridge S60 2011 drop=() only=('structure',) train=376121 test=620082 0s
10:19:32   fit ridge S60 2012 drop=() only=('structure',) train=582661 test=648724 0s
10:19:32   fit ridge S60 2013 drop=() only=('structure',) train=797492 test=645694 0s
10:19:35   fit ridge S60 2011 drop=('liquidity',) only=() train=376121 test=620082 2s
10:19:39   fit ridge S60 2012 drop=('liquidity',) only=() train=582661 test=648724 5s
10:19:46   fit ridge S60 2013 drop=('liquidity',) only=() train=797492 test=645694 6s
10:19:47   fit ridge S60 2011 drop=() only=('liquidity',) train=376121 test=620082 0s
10:19:47   fit ridge S60 2012 drop=() only=('liquidity',) train=582661 test=648724 1s
10:19:48   fit ridge S60 2013 drop=() only=('liquidity',) train=797492 test=645694 1s
10:19:51   fit ridge S60 2011 drop=('volatility',) only=() train=376121 test=620082 2s
10:19:57   fit ridge S60 2012 drop=('volatility',) only=() train=582661 test=648724 6s
10:20:03   fit ridge S60 2013 drop=('volatility',) only=() train=797492 test=645694 7s
10:20:04   fit ridge S60 2011 drop=() only=('volatility',) train=376121 test=620082 0s
10:20:05   fit ridge S60 2012 drop=() only=('volatility',) train=582661 test=648724 0s
10:20:05   fit ridge S60 2013 drop=() only=('volatility',) train=797492 test=645694 0s
10:20:08   fit ridge S60 2011 drop=('cost',) only=() train=376121 test=620082 2s
10:20:13   fit ridge S60 2012 drop=('cost',) only=() train=582661 test=648724 5s
10:20:21   fit ridge S60 2013 drop=('cost',) only=() train=797492 test=645694 8s
10:20:22   fit ridge S60 2011 drop=() only=('cost',) train=376121 test=620082 0s
10:20:22   fit ridge S60 2012 drop=() only=('cost',) train=582661 test=648724 0s
10:20:22   fit ridge S60 2013 drop=() only=('cost',) train=797492 test=645694 0s
10:20:25   fit ridge S60 2011 drop=('session',) only=() train=376121 test=620082 3s
10:20:30   fit ridge S60 2012 drop=('session',) only=() train=582661 test=648724 5s
10:20:36   fit ridge S60 2013 drop=('session',) only=() train=797492 test=645694 6s
10:20:37   fit ridge S60 2011 drop=() only=('session',) train=376121 test=620082 0s
10:20:38   fit ridge S60 2012 drop=() only=('session',) train=582661 test=648724 0s
10:20:38   fit ridge S60 2013 drop=() only=('session',) train=797492 test=645694 0s
10:20:40   fit ridge S60 2011 drop=('mtf',) only=() train=376121 test=620082 2s
10:20:44   fit ridge S60 2012 drop=('mtf',) only=() train=582661 test=648724 4s
10:20:51   fit ridge S60 2013 drop=('mtf',) only=() train=797492 test=645694 7s
10:20:52   fit ridge S60 2011 drop=() only=('mtf',) train=376121 test=620082 0s
10:20:52   fit ridge S60 2012 drop=() only=('mtf',) train=582661 test=648724 0s
10:20:53   fit ridge S60 2013 drop=() only=('mtf',) train=797492 test=645694 0s
10:20:57   fit ridge S60 2011 drop=('cross',) only=() train=376121 test=620082 3s
10:21:02   fit ridge S60 2012 drop=('cross',) only=() train=582661 test=648724 5s
10:21:08   fit ridge S60 2013 drop=('cross',) only=() train=797492 test=645694 6s
10:21:09   fit ridge S60 2011 drop=() only=('cross',) train=376121 test=620082 0s
10:21:09   fit ridge S60 2012 drop=() only=('cross',) train=582661 test=648724 0s
10:21:09   fit ridge S60 2013 drop=() only=('cross',) train=797492 test=645694 0s
10:21:12   fit ridge S60 2011 drop=('volume',) only=() train=376121 test=620082 2s
10:21:18   fit ridge S60 2012 drop=('volume',) only=() train=582661 test=648724 6s
10:21:24   fit ridge S60 2013 drop=('volume',) only=() train=797492 test=645694 6s
10:21:25   fit ridge S60 2011 drop=() only=('volume',) train=376121 test=620082 0s
10:21:25   fit ridge S60 2012 drop=() only=('volume',) train=582661 test=648724 0s
10:21:26   fit ridge S60 2013 drop=() only=('volume',) train=797492 test=645694 0s
10:21:29   fit ridge S60 2011 drop=('memory',) only=() train=376121 test=620082 2s
10:21:34   fit ridge S60 2012 drop=('memory',) only=() train=582661 test=648724 5s
10:21:40   fit ridge S60 2013 drop=('memory',) only=() train=797492 test=645694 6s
10:21:41   fit ridge S60 2011 drop=() only=('memory',) train=376121 test=620082 0s
10:21:41   fit ridge S60 2012 drop=() only=('memory',) train=582661 test=648724 0s
10:21:42   fit ridge S60 2013 drop=() only=('memory',) train=797492 test=645694 0s
10:21:44   fit ridge S60 2011 drop=('identity',) only=() train=376121 test=620082 2s
10:21:49   fit ridge S60 2012 drop=('identity',) only=() train=582661 test=648724 5s
10:21:56   fit ridge S60 2013 drop=('identity',) only=() train=797492 test=645694 7s
10:21:57   fit ridge S60 2011 drop=() only=('identity',) train=376121 test=620082 0s
10:21:58   fit ridge S60 2012 drop=() only=('identity',) train=582661 test=648724 0s
10:21:59   fit ridge S60 2013 drop=() only=('identity',) train=797492 test=645694 1s
10:22:50   fit trees S5 2011 drop=('momentum',) only=() train=260970 test=620082 51s
10:24:05   fit trees S5 2012 drop=('momentum',) only=() train=387608 test=648724 75s
10:25:32   fit trees S5 2013 drop=('momentum',) only=() train=490024 test=645694 87s
10:25:32 ablation trees-S5-drop-momentum {"spearman_ic": 0.1788, "top_decile_r": -0.0477, "all_r": -0.1699, "share_pred_above_0": 0.01941}
10:26:27   fit trees S5 2011 drop=('reversion',) only=() train=260970 test=620082 55s
10:27:43   fit trees S5 2012 drop=('reversion',) only=() train=387608 test=648724 76s
10:29:14   fit trees S5 2013 drop=('reversion',) only=() train=490024 test=645694 91s
10:29:15 ablation trees-S5-drop-reversion {"spearman_ic": 0.1783, "top_decile_r": -0.0456, "all_r": -0.1699, "share_pred_above_0": 0.01988}
10:30:06   fit trees S5 2011 drop=('breakout',) only=() train=260970 test=620082 52s
10:31:20   fit trees S5 2012 drop=('breakout',) only=() train=387608 test=648724 74s
10:32:48   fit trees S5 2013 drop=('breakout',) only=() train=490024 test=645694 88s
10:32:49 ablation trees-S5-drop-breakout {"spearman_ic": 0.1825, "top_decile_r": -0.0485, "all_r": -0.1699, "share_pred_above_0": 0.0184}
10:33:41   fit trees S5 2011 drop=('structure',) only=() train=260970 test=620082 53s
10:34:54   fit trees S5 2012 drop=('structure',) only=() train=387608 test=648724 73s
10:36:21   fit trees S5 2013 drop=('structure',) only=() train=490024 test=645694 87s
10:36:22 ablation trees-S5-drop-structure {"spearman_ic": 0.1769, "top_decile_r": -0.0502, "all_r": -0.1699, "share_pred_above_0": 0.01885}
10:37:10   fit trees S5 2011 drop=('liquidity',) only=() train=260970 test=620082 48s
10:38:17   fit trees S5 2012 drop=('liquidity',) only=() train=387608 test=648724 67s
10:39:39   fit trees S5 2013 drop=('liquidity',) only=() train=490024 test=645694 81s
10:39:39 ablation trees-S5-drop-liquidity {"spearman_ic": 0.1793, "top_decile_r": -0.0468, "all_r": -0.1699, "share_pred_above_0": 0.02108}
10:40:31   fit trees S5 2011 drop=('volatility',) only=() train=260970 test=620082 52s
10:41:43   fit trees S5 2012 drop=('volatility',) only=() train=387608 test=648724 72s
10:43:10   fit trees S5 2013 drop=('volatility',) only=() train=490024 test=645694 87s
10:43:10 ablation trees-S5-drop-volatility {"spearman_ic": 0.1747, "top_decile_r": -0.0429, "all_r": -0.1699, "share_pred_above_0": 0.0187}
10:44:03   fit trees S5 2011 drop=('cost',) only=() train=260970 test=620082 53s
10:45:19   fit trees S5 2012 drop=('cost',) only=() train=387608 test=648724 76s
10:46:51   fit trees S5 2013 drop=('cost',) only=() train=490024 test=645694 92s
10:46:52 ablation trees-S5-drop-cost {"spearman_ic": 0.1107, "top_decile_r": -0.0563, "all_r": -0.1699, "share_pred_above_0": 0.01908}
10:47:43   fit trees S5 2011 drop=('session',) only=() train=260970 test=620082 51s
10:48:56   fit trees S5 2012 drop=('session',) only=() train=387608 test=648724 73s
10:50:25   fit trees S5 2013 drop=('session',) only=() train=490024 test=645694 89s
10:50:26 ablation trees-S5-drop-session {"spearman_ic": 0.1771, "top_decile_r": -0.0498, "all_r": -0.1699, "share_pred_above_0": 0.02041}
10:51:15   fit trees S5 2011 drop=('mtf',) only=() train=260970 test=620082 50s
10:52:26   fit trees S5 2012 drop=('mtf',) only=() train=387608 test=648724 70s
10:53:52   fit trees S5 2013 drop=('mtf',) only=() train=490024 test=645694 86s
10:53:53 ablation trees-S5-drop-mtf {"spearman_ic": 0.1767, "top_decile_r": -0.0483, "all_r": -0.1699, "share_pred_above_0": 0.01814}
10:54:44   fit trees S5 2011 drop=('cross',) only=() train=260970 test=620082 52s
10:55:59   fit trees S5 2012 drop=('cross',) only=() train=387608 test=648724 74s
10:57:28   fit trees S5 2013 drop=('cross',) only=() train=490024 test=645694 89s
10:57:29 ablation trees-S5-drop-cross {"spearman_ic": 0.1738, "top_decile_r": -0.0477, "all_r": -0.1699, "share_pred_above_0": 0.02047}
10:58:22   fit trees S5 2011 drop=('volume',) only=() train=260970 test=620082 53s
10:59:36   fit trees S5 2012 drop=('volume',) only=() train=387608 test=648724 75s
11:01:09   fit trees S5 2013 drop=('volume',) only=() train=490024 test=645694 93s
11:01:10 ablation trees-S5-drop-volume {"spearman_ic": 0.1768, "top_decile_r": -0.0389, "all_r": -0.1699, "share_pred_above_0": 0.01994}
11:02:03   fit trees S5 2011 drop=('memory',) only=() train=260970 test=620082 54s
11:03:19   fit trees S5 2012 drop=('memory',) only=() train=387608 test=648724 76s
11:04:51   fit trees S5 2013 drop=('memory',) only=() train=490024 test=645694 92s
11:04:52 ablation trees-S5-drop-memory {"spearman_ic": 0.1744, "top_decile_r": -0.0454, "all_r": -0.1699, "share_pred_above_0": 0.01944}
11:05:40   fit trees S5 2011 drop=('identity',) only=() train=260970 test=620082 48s
11:06:48   fit trees S5 2012 drop=('identity',) only=() train=387608 test=648724 69s
11:08:07   fit trees S5 2013 drop=('identity',) only=() train=490024 test=645694 79s
11:08:07 ablation trees-S5-drop-identity {"spearman_ic": 0.1786, "top_decile_r": -0.0425, "all_r": -0.1699, "share_pred_above_0": 0.01957}
11:08:07 verdict FAILED promoted [] passers []
exit 0
