A {"n": 372, "annual_return": 0.0259, "annual_vol": 0.0645, "t": 2.24, "sharpe": 0.402, "sortino": 0.592, "max_drawdown": 0.2238, "max_drawdown_compounded": 0.2176, "profit_factor": 1.284, "win_rate": 0.5608, "trades": 3452, "trades_per_year": 111.35, "expectancy_bps_per_unit": 23.48, "gross_annual": 0.04156, "trading_cost_annual": 0.00542, "financing_annual": -0.01019, "net_annual": 0.02595, "time_in_market": 0.2328, "avg_gross_exposure": 0.1815, "turnover_annual": 22.252, "median_holding_days": 6.0, "profit_factor_months": 1.366, "cagr": 0.02459} 
  post-2009 {"n": 144, "annual_return": 0.0106, "annual_vol": 0.0636, "t": 0.575, "sharpe": 0.166, "sortino": 0.236, "max_drawdown": 0.2238, "max_drawdown_compounded": 0.2176, "profit_factor": 1.114, "win_rate": 0.5243, "trades": 1402, "trades_per_year": 116.83, "expectancy_bps_per_unit": 9.83, "gross_annual": 0.02259, "trading_cost_annual": 0.00574, "financing_annual": -0.0063, "net_annual": 0.01056, "time_in_market": 0.2377, "avg_gross_exposure": 0.1906, "turnover_annual": 23.283, "median_holding_days": 6.0, "profit_factor_months": 1.136, "cagr": 0.0088}
B {"n": 441, "annual_return": 0.0187, "annual_vol": 0.052, "t": 2.175, "sharpe": 0.359, "sortino": 0.522, "max_drawdown": 0.2333, "max_drawdown_compounded": 0.2214, "profit_factor": 1.227, "win_rate": 0.5575, "trades": 5440, "trades_per_year": 148.03, "expectancy_bps_per_unit": 20.2, "gross_annual": 0.03822, "trading_cost_annual": 0.00925, "financing_annual": -0.0103, "net_annual": 0.01867, "time_in_market": 0.2667, "avg_gross_exposure": 0.1538, "turnover_annual": 18.502, "median_holding_days": 6.0, "profit_factor_months": 1.339, "cagr": 0.01763} 
  post-2009 {"n": 213, "annual_return": 0.0117, "annual_vol": 0.0605, "t": 0.811, "sharpe": 0.193, "sortino": 0.28, "max_drawdown": 0.2333, "max_drawdown_compounded": 0.2214, "profit_factor": 1.117, "win_rate": 0.5277, "trades": 3432, "trades_per_year": 193.35, "expectancy_bps_per_unit": 9.98, "gross_annual": 0.03474, "trading_cost_annual": 0.01199, "financing_annual": -0.01109, "net_annual": 0.01165, "time_in_market": 0.3002, "avg_gross_exposure": 0.2022, "turnover_annual": 24.113, "median_holding_days": 6.0, "profit_factor_months": 1.163, "cagr": 0.01007}
all_26 0.0225 2.279
developed 0.0224 2.093
major_8 0.0209 1.794
a_only 0.0259 2.24
b_only 0.0204 2.189
b_developed 0.0189 1.794
b_emerging 0.0229 2.316
all_26_without_US500 0.0224 2.27
all_26_without_NAS100 0.0216 2.218
all_26_without_JPN225 0.0235 2.343
all_26_without_UK100 0.0225 2.286
all_26_without_GER40 0.0218 2.258
all_26_without_FRA40 0.0225 2.327
all_26_without_AUS200 0.0231 2.302
all_26_without_EU50 0.0235 2.349
written research/results/TOM-D.json
