A3 US500 1988-01-04 2026-10-02 9761
A3 NAS100 1985-10-01 2026-10-02 10331
A3 JPN225 1970-01-05 2026-10-02 13953
A3 UK100 1984-01-03 2026-10-02 10800
A3 GER40 1987-12-30 2026-10-02 9802
A3 FRA40 1990-03-01 2026-10-02 9294
A3 AUS200 1992-11-23 2026-10-02 8561
A3 HK50 1986-12-31 2026-10-02 9811
A3 CAN60 1979-06-29 2026-10-02 11867
A3 SWI20 1990-11-09 2026-10-02 9014
B2 US2000 1987-09-10 2026-10-02 9840
B2 ESP35 1993-07-12 2026-10-02 8421
B2 NETH25 1992-10-12 2026-10-02 8670
B2 EU50 2007-03-30 2026-10-02 4891
B2 SWE30 2008-11-20 2026-10-02 4481
B2 ITA40 1997-12-31 2026-10-02 7345
B2 BEL20 1991-04-09 2026-10-02 9012
B2 AUT20 1992-11-11 2026-10-02 8425
B2 IND50 2007-09-17 2026-10-01 4672
B2 KOR200 1996-12-11 2026-10-02 7337
B2 NZL50 2003-01-03 2026-10-05 5864
B2 MEX35 1991-11-08 2026-10-02 8741
B2 BRA60 1993-04-27 2026-10-02 8283
B2 ISR125 1992-10-08 2026-10-01 7965
B2 MYS30 1993-12-03 2026-10-02 8067
B2 IDN 1990-04-06 2026-10-02 8882
